Activate_ThrottleControllerOvrCal_val 

Brake_CalibCMDOvrCal_val 

Brake_ControlMode 

Brake_PID_D 

Brake_PID_I 

Brake_PID_P 

Buzz_falling_duration 

Buzz_falling_offduration 

Buzz_rising_duration 

CANA_recover 

CANB_recover 

CANC_recover 

Compensation_I 

Compensation_P 

Delay 

EPAS_MaxSpeed 

SetACCOvrCal_val 

Set_Brake_PosOvrCal_val 

Set_GasOvrCal_val 

Set_GearEnableOvrCal_val 

SteeringWheelRateOvrCal_val 

Steering_ControlModeOvrCal_val 

Steering_ResetCommandOvrCal_val 

Steering_Set_PosOvrCal_val 

Torque_PID_D 

Torque_PID_I 

Torque_PID_P 

interval 

interval2 

repeat 

Activate_ThrottleControllerOvrEn_val 

Brake_CalibCMDOvrEn_val 

Brake_ResetOvrEn_val 

Button_Hazard_LightOvrCal_val 

Button_Hazard_LightOvrEn_val 

Button_Headlight_FlasherOvrCal_val 

Button_Headlight_FlasherOvrEn_val 

Button_HighBeamOvrCal_val 

Button_HighBeamOvrEn_val 

Button_Left_BlinkerOvrCal_val 

Button_Left_BlinkerOvrEn_val 

Button_Right_BlinkerOvrCal_val 

Button_Right_BlinkerOvrEn_val 

Buzz_controlOvrCal_val 

Buzz_controlOvrEn_val 

EPAS_DriverIntervention_overrideOvrCal_val 

EPAS_DriverIntervention_overrideOvrEn_val 

SetACCOvrEn_val 

Set_Brake_PosOvrEn_val 

Set_GasOvrEn_val 

Set_GearEnableOvrEn_val 

Set_GearOvrEn_val 

SteeringWheelRateOvrEn_val 

Steering_ControlModeOvrEn_val 

Steering_ResetCommandOvrEn_val 

Steering_Set_PosOvrEn_val 

debug_PCheardbeatOvrCal_val 

debug_PCheardbeatOvrEn_val 

debug_otonomDisableOvrCal_val 

debug_otonomDisableOvrEn_val 

debug_otonomEnableOvrCal_val 

debug_otonomEnableOvrEn_val 

Brake_ResetOvrCal_val 

Brake_SetDuty 

Set_GearOvrCal_val 

PC_FrontwheelMsg_cnt
GOLF_rxVehiclemass
PC_SetLongAcc
PC_SetLimitVel
SetACCOvrMsr
GOLF_MotorRPM
GOLF_KL75
PDS_BoardTemp
PDS_InputVoltage
PDS_InputCurrent
THROTTLE_CurrentPedalPos
THROTTLE_ECUTimeout
THROTTLE_PedalConnectionError
BBW_ReferenceBrakePos
BBW_BrakePos
BBW_MotorDuty
BBW_MotorCurrent
BBW_MotorVoltage
BBW_BoxTemp
BBW_RawTorqueA
BBW_RawTorqueB
EPAS_RefSteerPos
EPAS_ActualSteeringPos
EPAS_MotorDuty
EPAS_MotorCurrent
EPAS_MotorVoltage
EPAS_BoxTemp
EPAS_TorqueA
EPAS_TorqueB
PC_SetFrontWheelAngle
PC_SetFrontWheelAngel_Rate
PC_SetGasPos
PC_SetBrakePos
GOLF_LongitudinalAcceleration
GOLF_HandBrakeStatus
GOLF_BLWheelSpeed
GOLF_BRWheelSpeed
GOLF_FLWheelSpeed
GOLF_FRWheelSpeed
debug_CompensationPID_out
GOLF_rxPitch
GOLF_MotorTorque_raw
GOLF_MotorTorque_filtered
debug_Fr_request
debug_set_brake
Set_Brake_PosOvrMsr
GOLF_BrakePedalPos
Brake_CalibCMDOvrMsr
Set_GasOvrMsr
Activate_ThrottleControllerOvrMsr
Set_GearEnableOvrMsr
GOLF_HighBeam
GOLF_BlinkerLeft
GOLF_BlinkerRight
GOLF_LWIQbit_SteeringWheelAngle
GOLF_LWI_SteeringWheelAngle
GOLF_LWIVZ_SteeringWheelAngle
GOLF_LWIVZ_SteeringWheelAngle_Speed
GOLF_LWI_SteeringWheelAngle_Speed
Steering_Angle
GOLF_Fuel
GOLF_AcceleratorRawValur
SteeringWheelRateOvrMsr
Steering_Set_PosOvrMsr
Steering_ControlModeOvrMsr
Steering_ResetCommandOvrMsr
PDS_CH9Current
PDS_CH10Current
PDS_CH5Current
PDS_CH6Current
PDS_CH7Current
PDS_CH8Current
PDS_CH1Current
PDS_CH2Current
PDS_CH3Current
PDS_CH4Current
GOLF_rxESPBrakePressure
GOLF_rxACC
GOLF_Fuel_ratio
Steering_Angle_Speed
gear_cnt
GOLF_GearLevel
PC_FrontwheelMsg_Freq
debug_filtered_ACC
debug_EPASsetsteer
debug_EPASspeedlimit
GOLF_CurrentGear
GOLF_StartStop
PDS_Status1
PDS_Status2
PDS_Status3
PDS_Status4
PDS_Status5
PDS_Status6
PDS_Status7
PDS_Status8
PDS_Status9
PDS_Status10
PDS_Errors
PC_blinker
PC_headlight
PC_wiper
PC_gear
PC_mode
PC_handBrake
PC_LongMode
Brake_ResetOvrMsr
Set_GearOvrMsr
debug_EPASmode
Diag_isMotorrunning
Diag_KL75
Diag_PDS_HeartbeatErr
Diag_PDS_BUSErr
Diag_By_wirePowerErr
Diag_EPASPowerErr
Diag_BrakePowerErr
EPAS_MotorConnection
EPAS_OverCurrent
EPAS_AngleSensorConnection
EPAS_DriverIntervention
EPAS_ECUReset
EPAS_UnderVoltage
BBW_MotorConnection
BBW_OverCurrent
BBW_AngleSensorConnection
BBW_DriverIntervention
BBW_ECUReset
BBW_UnderVoltage
BBW_CalibrationErr
BBW_OnCalibration
EPAS_DriverIntervention_overrideOvrMsr
debug_PCheardbeatOvrMsr
debug_Errors
debug_otonomEnableOvrMsr
debug_otonomDisableOvrMsr
Button_Hazard_LightOvrMsr
Button_Headlight_FlasherOvrMsr
Button_HighBeamOvrMsr
Button_Left_BlinkerOvrMsr
Button_Right_BlinkerOvrMsr
Buzz_controlOvrMsr
PwrM_flgKeyOnDelay
PwrM_flgKeyOnRaw
debug_Mode
debug_stopmode
debug_EPAS_ECU_reset
GOLF_HazardLight
